// Jest Snapshot v1, https://goo.gl/fbAQLP

exports[`<DeleteBook /> should match snapshot 1`] = `
"<div>
  <ForwardRef(IconButton) className=\\"icon\\" onClick={[Function: handleClickOpen]}>
    <Memo(ForwardRef(DeleteIcon)) />
  </ForwardRef(IconButton)>
  <ForwardRef(Dialog) open={false} onClose={[Function: handleClose]} aria-labelledby=\\"responsive-dialog-title\\">
    <ForwardRef(DialogTitle) id=\\"responsive-dialog-title\\">
      Are you sure to delete the book?
    </ForwardRef(DialogTitle)>
    <ForwardRef(DialogActions)>
      <ForwardRef(Button) className=\\"closeButton\\" onClick={[Function: handleClose]}>
        No
      </ForwardRef(Button)>
      <ForwardRef(Button) className=\\"deleteButton\\" onClick={[Function: handleDelete]} autoFocus={true}>
        Yes
      </ForwardRef(Button)>
    </ForwardRef(DialogActions)>
  </ForwardRef(Dialog)>
</div>"
`;
