// Jest Snapshot v1, https://goo.gl/fbAQLP

exports[`<ManualEditBook /> should match snapshot 1`] = `
"<center>
  <div style={{...}}>
    <ForwardRef(IconButton) onClick={[Function: handleClickOpen]}>
      <Memo(ForwardRef(EditIcon)) />
    </ForwardRef(IconButton)>
    <ForwardRef(Dialog) open={false} onClose={[Function: handleClose]}>
      <ForwardRef(DialogTitle)>
        Edit Book
      </ForwardRef(DialogTitle)>
      <ForwardRef(DialogContent)>
        <ForwardRef(CardMedia) component=\\"img\\" sx={{...}} height=\\"194\\" image=\\"http://books.google.com/books/content?id=3yq_oQEACAAJ&printsec=frontcover&img=1&zoom=1&source=gbs_api\\" alt=\\"Paella dish\\" />
        <ForwardRef(TextField) autoFocus={true} margin=\\"dense\\" id=\\"title\\" label=\\"Title\\" fullWidth={true} variant=\\"standard\\" value=\\"Probability Basics\\" />
        <ForwardRef(TextField) autoFocus={true} margin=\\"dense\\" id=\\"thumbnail\\" label=\\"Thumbnail Link\\" fullWidth={true} variant=\\"standard\\" value=\\"http://books.google.com/books/content?id=3yq_oQEACAAJ&printsec=frontcover&img=1&zoom=1&source=gbs_api\\" onChange={[Function: handleChange]} />
        <ForwardRef(TextField) autoFocus={true} margin=\\"dense\\" id=\\"authors\\" label=\\"Authors\\" fullWidth={true} variant=\\"standard\\" value=\\"Michael Biden\\" onChange={[Function: handleChange]} />
        <ForwardRef(TextField) autoFocus={true} margin=\\"dense\\" id=\\"price\\" label=\\"Price\\" type=\\"number\\" fullWidth={true} variant=\\"standard\\" value={1000} onChange={[Function: handleChange]} />
        <ForwardRef(TextField) autoFocus={true} margin=\\"dense\\" id=\\"quantity\\" label=\\"Quantity\\" fullWidth={true} type=\\"number\\" variant=\\"standard\\" value={8} onChange={[Function: handleChange]} />
        <ForwardRef(TextField) autoFocus={true} margin=\\"dense\\" id=\\"description\\" label=\\"Description\\" fullWidth={true} variant=\\"standard\\" value=\\"This book is all about Probability Basics, This book is all about Probability Basics,This book is all about Probability Basics.\\" />
      </ForwardRef(DialogContent)>
      <ForwardRef(DialogActions)>
        <ForwardRef(Button) onClick={[Function: handleClose]}>
          Cancel
        </ForwardRef(Button)>
        <ForwardRef(Button) onClick={[Function: handleEditBook]}>
          Save changes
        </ForwardRef(Button)>
      </ForwardRef(DialogActions)>
    </ForwardRef(Dialog)>
  </div>
</center>"
`;
