// Jest Snapshot v1, https://goo.gl/fbAQLP

exports[`<SearchInventory /> should match snapshot 1`] = `
"<Fragment>
  <ForwardRef(Paper) component=\\"form\\" sx={{...}}>
    <ForwardRef(InputBase) className=\\"placeholder\\" sx={{...}} placeholder=\\"Search Inventory book by title or author\\" onChange={[Function: handleChange]} />
    <ForwardRef(Divider) sx={{...}} orientation=\\"vertical\\" />
  </ForwardRef(Paper)>
  <BookCatalogue details={{...}} />
</Fragment>"
`;
