// Jest Snapshot v1, https://goo.gl/fbAQLP

exports[`<AddGoogleBook /> should match snapshot 1`] = `[Function]`;

exports[`<AddGoogleBook /> should render book  1`] = `
"<div>
  <ForwardRef(Box) sx={{...}}>
    <ForwardRef(Fab) size=\\"small\\" color=\\"primary\\" aria-label=\\"add\\" onClick={[Function: handleClickOpen]}>
      <Memo(ForwardRef(AddIcon)) />
    </ForwardRef(Fab)>
    <ForwardRef(Dialog) open={false} onClose={[Function: handleClose]} aria-labelledby=\\"responsive-dialog-title\\">
      <ForwardRef(DialogTitle) className=\\"dialogTitle\\" id=\\"responsive-dialog-title\\">
        Are you sure you want to add the book?
      </ForwardRef(DialogTitle)>
      <ForwardRef(DialogActions)>
        <ForwardRef(Button) className=\\"closeButton\\" onClick={[Function: handleClose]}>
          No
        </ForwardRef(Button)>
        <ForwardRef(Button) className=\\"approveButton\\" onClick={[Function: handleGoogleBookAdd]} autoFocus={true}>
          Yes
        </ForwardRef(Button)>
      </ForwardRef(DialogActions)>
    </ForwardRef(Dialog)>
  </ForwardRef(Box)>
</div>"
`;
