// Jest Snapshot v1, https://goo.gl/fbAQLP

exports[`<BookCatalogue /> should render book  1`] = `
"<ForwardRef(Box) sx={{...}} style={{...}}>
  <ForwardRef(Grid) container={true} spacing={0}>
    <ForwardRef(Grid) item={true} lg={3}>
      <Book details={{...}} />
    </ForwardRef(Grid)>
  </ForwardRef(Grid)>
</ForwardRef(Box)>"
`;

exports[`<BookCatalogue /> should render book  2`] = `
"<ForwardRef(Box) sx={{...}} style={{...}}>
  <ForwardRef(Grid) container={true} spacing={0} />
</ForwardRef(Box)>"
`;
